LOAD 'pg_anonymize';
-- mask our own user
SELECT current_user \gset
SECURITY LABEL FOR pg_anonymize ON ROLE :current_user IS 'anonymize';
--------------------
-- list partitioning
--------------------
CREATE TABLE t_part_list(id integer, val text) PARTITION BY LIST (id);
CREATE TABLE t_part_list_1 PARTITION OF t_part_list FOR VALUES IN (1);
CREATE TABLE t_part_list_2 PARTITION OF t_part_list FOR VALUES IN (2);
INSERT INTO t_part_list SELECT i, 'line ' || i FROM generate_series(1, 2) i;
SECURITY LABEL FOR pg_anonymize
    ON COLUMN public.t_part_list.val IS $$'root hidden'::text$$;
SECURITY LABEL FOR pg_anonymize
    ON COLUMN public.t_part_list_2.val IS $$'part hidden'::text$$;
SET pg_anonymize.enabled = 'off';
-- should see original data
SELECT * FROM t_part_list ORDER BY id;
 id |  val   
----+--------
  1 | line 1
  2 | line 2
(2 rows)

SELECT * FROM t_part_list_1 ORDER BY id;
 id |  val   
----+--------
  1 | line 1
(1 row)

SELECT * FROM t_part_list_2 ORDER BY id;
 id |  val   
----+--------
  2 | line 2
(1 row)

SET pg_anonymize.enabled = 'on';
--should see anonymized data when selecting from root partition
SELECT * FROM t_part_list ORDER BY id;
 id |     val     
----+-------------
  1 | root hidden
  2 | root hidden
(2 rows)

-- but original data from any leaf partition
SELECT * FROM t_part_list_1 ORDER BY id;
 id |  val   
----+--------
  1 | line 1
(1 row)

-- unless there's an explicit anonymization rule on it
SELECT * FROM t_part_list_2 ORDER BY id;
 id |     val     
----+-------------
  2 | part hidden
(1 row)

---------------------
-- range partitioning
---------------------
CREATE TABLE t_part_range(id integer, val text) PARTITION BY RANGE (id);
CREATE TABLE t_part_range_1_3 PARTITION OF t_part_range FOR VALUES FROM (1) TO (3);
CREATE TABLE t_part_range_3_5 PARTITION OF t_part_range FOR VALUES FROM (3) TO (5);
INSERT INTO t_part_range SELECT i, 'line ' || i FROM generate_series(1, 4) i;
SECURITY LABEL FOR pg_anonymize
    ON COLUMN public.t_part_range.val IS $$'root hidden'::text$$;
SECURITY LABEL FOR pg_anonymize
    ON COLUMN public.t_part_range_3_5.val IS $$'part hidden'::text$$;
SET pg_anonymize.enabled = 'off';
-- should see original data
SELECT * FROM t_part_range ORDER BY id;
 id |  val   
----+--------
  1 | line 1
  2 | line 2
  3 | line 3
  4 | line 4
(4 rows)

SELECT * FROM t_part_range_1_3 ORDER BY id;
 id |  val   
----+--------
  1 | line 1
  2 | line 2
(2 rows)

SELECT * FROM t_part_range_3_5 ORDER BY id;
 id |  val   
----+--------
  3 | line 3
  4 | line 4
(2 rows)

SET pg_anonymize.enabled = 'on';
--should see anonymized data when selecting from root partition
SELECT * FROM t_part_range ORDER BY id;
 id |     val     
----+-------------
  1 | root hidden
  2 | root hidden
  3 | root hidden
  4 | root hidden
(4 rows)

-- but original data from any leaf partition
SELECT * FROM t_part_range_1_3 ORDER BY id;
 id |  val   
----+--------
  1 | line 1
  2 | line 2
(2 rows)

-- unless there's an explicit anonymization rule on it
SELECT * FROM t_part_range_3_5 ORDER BY id;
 id |     val     
----+-------------
  3 | part hidden
  4 | part hidden
(2 rows)

--------------------
-- hash partitioning
--------------------
CREATE TABLE t_part_hash(id integer, val text) PARTITION BY HASH (id);
CREATE TABLE t_part_hash_0 PARTITION OF t_part_hash FOR VALUES WITH (MODULUS 2, REMAINDER 0);
CREATE TABLE t_part_hash_1 PARTITION OF t_part_hash FOR VALUES WITH (MODULUS 2, REMAINDER 1);
INSERT INTO t_part_hash SELECT i, 'line ' || i FROM generate_series(1, 4) i;
SECURITY LABEL FOR pg_anonymize
    ON COLUMN public.t_part_hash.val IS $$'root hidden'::text$$;
SECURITY LABEL FOR pg_anonymize
    ON COLUMN public.t_part_hash_1.val IS $$'part hidden'::text$$;
SET pg_anonymize.enabled = 'off';
-- should see original data
SELECT * FROM t_part_hash ORDER BY id;
 id |  val   
----+--------
  1 | line 1
  2 | line 2
  3 | line 3
  4 | line 4
(4 rows)

SELECT * FROM t_part_hash_0 ORDER BY id;
 id |  val   
----+--------
  1 | line 1
  2 | line 2
(2 rows)

SELECT * FROM t_part_hash_1 ORDER BY id;
 id |  val   
----+--------
  3 | line 3
  4 | line 4
(2 rows)

SET pg_anonymize.enabled = 'on';
--should see anonymized data when selecting from root partition
SELECT * FROM t_part_hash ORDER BY id;
 id |     val     
----+-------------
  1 | root hidden
  2 | root hidden
  3 | root hidden
  4 | root hidden
(4 rows)

-- but original data from any leaf partition
SELECT * FROM t_part_hash_0 ORDER BY id;
 id |  val   
----+--------
  1 | line 1
  2 | line 2
(2 rows)

-- unless there's an explicit anonymization rule on it
SELECT * FROM t_part_hash_1 ORDER BY id;
 id |     val     
----+-------------
  3 | part hidden
  4 | part hidden
(2 rows)

